공개[compare]: coffee-machine-types-compare — 커피머신, 캡슐·전자동·반자동 — 뭘 골라야 할까
balanced released 1/1
공개[compare]: laptop-tablet-desktop-compare — 노트북 vs 태블릿 vs 데스크탑 — 뭘 사야 할까
공개[smartguide]: office-chair-buying-guide — 사무용 의자, ‘인체공학·1등급’ 말고 뭘 봐야 할까
balanced released 2/2
Assertion failed: !(handle->flags & UV_HANDLE_CLOSING), file src\win\async.c, line 94
공개[compare]: bidet-types-compare — 비데, 일체형 vs 부착형 — 무엇이 다를까
공개[longrun]: leather-goods-care-longrun — 가죽 제품, 평생 쓰는 관리의 기본
balanced released 2/2
공개[factcheck]: hairloss-shampoo-fact-check — 탈모샴푸, 광고만큼 효과 있을까
공개[trendlab]: smart-doorlock-trend — 스마트 도어락, 지금 살 만할까
balanced released 2/2
공개[smartguide]: sofa-buying-guide — 소파, 가죽이냐 패브릭이냐 — 그 전에 볼 게 있어요
공개[longrun]: solid-wood-furniture-care-longrun — 원목 가구, 갈라짐 없이 오래 쓰는 법
balanced released 2/2
공개[trendlab]: projector-vs-tv-trend — 빔프로젝터, TV 대신 살 만할까
공개[compare]: boiler-condensing-compare — 보일러, 콘덴싱 vs 일반 — 뭘 골라야 할까
balanced released 2/2
Assertion failed: !(handle->flags & UV_HANDLE_CLOSING), file src\win\async.c, line 94
공개[smartguide]: mirrorless-camera-buying-guide — 미러리스 입문, ‘바디’ 말고 ‘마운트’를 고르는 거예요
공개[longrun]: denim-care-longrun — 청바지, 색 안 빠지고 오래 예쁘게 입는 법
balanced released 2/2
공개[factcheck]: whitening-wrinkle-cosmetics-fact-check — 미백·주름 화장품, 광고만큼 효과 있을까
공개[trendlab]: massage-gun-trend — 마사지건, 효과 있을까 안전할까
balanced released 2/2
공개[compare]: ev-hybrid-ice-compare — 전기차 vs 하이브리드 vs 내연기관 — 뭘 살까
공개[smartguide]: kimchi-fridge-buying-guide — 김치냉장고, 뚜껑형 vs 스탠드형 — 내겐 뭐가 맞을까
balanced released 2/2
공개[longrun]: kitchen-knife-board-care-longrun — 주방칼·도마, 잘 들고 오래 쓰는 법
공개[factcheck]: magnesium-vitamind-fact-check — 마그네슘·비타민D, 꼭 챙겨 먹어야 할까
balanced released 2/2
공개[trendlab]: smart-home-trend — 스마트홈, 지금 시작할 만할까
balanced released 1/1
balanced released 0/0
Assertion failed: !(handle->flags & UV_HANDLE_CLOSING), file src\win\async.c, line 94
balanced released 0/0
Assertion failed: !(handle->flags & UV_HANDLE_CLOSING), file src\win\async.c, line 94
balanced released 0/0
Assertion failed: !(handle->flags & UV_HANDLE_CLOSING), file src\win\async.c, line 94
공개[smartguide]: home-gym-guide — 홈짐 입문, 어디서 시작해야 하나요?
공개[factcheck]: hair-dryer-ionic-fact — 이온 헤어드라이어, 정말 머릿결에 좋을까요?
balanced released 2/2
공개[smartguide]: pillow-sleep-guide — 베개, 어떻게 골라야 목이 안 아플까요?
공개[factcheck]: frozen-food-health-fact — 냉동식품, 매일 먹어도 괜찮을까요?
balanced released 2/2
공개[trendlab]: electric-bike-guide — 전동킥보드·전기자전거, 지금 살 만할까요?
공개[compare]: keyboard-mouse-guide — 키보드·마우스, 비쌀수록 좋을까요?
balanced released 2/2
공개[smartguide]: camping-tent-guide — 텐트 첫 구매, 브랜드보다 이걸 먼저 보세요
공개[factcheck]: vitamin-c-dosage-fact — 비타민C, 얼마나 먹어야 효과 있을까요?
balanced released 2/2
balanced released 0/0  (게이트 차단 0건)
Assertion failed: !(handle->flags & UV_HANDLE_CLOSING), file src\win\async.c, line 94
