[collect-ali] 네이버 쇼핑 → 알리 핫딜 수집
  [파싱] 7건 추출
  [삽입] 풀 터치 스크린, 통화, 메시지 알림, 음악 제어 및 기타 기능을 갖춘 스마트워치 — 9,830원
  [삽입] 프리미엄 요리 도구 세트, 두부 금형 및 프레스 수제 키트, 두부 프레스 및 두부 — 20,050원
  [삽입] 나무 조리용 숟가락, 나무 조리기구, 조리기구 홀더, 티크 나무 주방용품 세트 — 3,780원
  [삽입] 자전거 브레이크 미네랄 오일 60ML 자전거 유압 디스크 브레이크 오일 블리딩 키 — 3,789원
  [삽입] 작은 개 헤어 클립 강아지 바레트 고양이 BB 머리핀 클립 친칠라 개 고양이 머리 — 1,898원
  [삽입] 1/2/4개 모션 센서 LED 언더 캐비닛 조명, 주방 및 옷장용 충전식 자석 스 — 3,800원
  [삽입] 로지텍 MK220 MK235 MK240 나노 MK260 MK270 MK275 MK — 49,498원
[collect-ali] 완료: 7건 삽입
[collect-ali] 네이버 쇼핑 → 알리 핫딜 수집
  [파싱] 3건 추출
  [삽입] 네이처하이크 캠핑 텐트 빌리지 6.0 원터치 퀵 오픈 텐트 3~4인용 자동 텐트  — 262,000원
  [삽입] 7개 실리콘 조리 도구 세트 논스틱 조리기구용 블랙 키친 요리 도구 내열성 액세서 — 16,300원
  [삽입] LEIBOO 무선 자동차 공기 압축기 공기 펌프 디지털 디스플레이와 오토바이 자전 — 15,906원
[collect-ali] 완료: 3건 삽입
[collect-ali] 네이버 쇼핑 → 알리 핫딜 수집
  [파싱] 2건 추출
  [삽입] [울트라 HD 스크린] HTC NE20 이어폰 Bluetooth V6 TWS 스포 — 23,600원
  [삽입] 쿠나처리 에어펌프 휴대용 경량 캠핑용 미니 휴대용 야외 펌프 (타입C 충전) — 20,603원
[collect-ali] 완료: 2건 삽입
[collect-ali] 네이버 쇼핑 → 알리 핫딜 수집
  [파싱] 2건 추출
  [삽입] [HD 화면 자막] HTC 이어폰 블루투스 V6 TWS 스포츠 무선 헤드폰 AI  — 26,050원
  [삽입] Ipad 노트북 용 GaN 충전기 PD 65W USB 유형 C 초고속 충전 QC3 — 15,100원
[collect-ali] 완료: 2건 삽입
[collect-ali] 네이버 쇼핑 → 알리 핫딜 수집
  [파싱] 3건 추출
  [삽입] [울트라 HD 스크린] HTC NE40 이어폰 블루투스 V6 TWS 스포츠 무선  — 29,250원
  [삽입] AOHI 유스 140W GaN 충전기 PD3.1 3포트 타입 C 고속 충전 맥북  — 103,000원
  [삽입] 2025년 신제품 안드로이드 및 iOS 스마트워치 남성용 AMOLED 스크린 GP — 42,400원
[collect-ali] 완료: 3건 삽입
[collect-ali] 네이버 쇼핑 → 알리 핫딜 수집
  [파싱] 3건 추출
  [삽입] 쿠디 패밀리아 17.2 에어 텐트-아미 그린 4계절 캠핑 텐트 하이킹 텐트 글램핑 — 4,216,600원
  [삽입] 1000LM 자전거 LED 전조등 LED USB 충전식 스마트 센서 후미등 방수  — 2,603원
  [삽입] 대형 낚시 태클 상자 다기능 용량 스탠드 막대 홀더 컵 홀더 고품질 플라스틱 Eg — 39,107원
[collect-ali] 완료: 3건 삽입
[collect-ali] 네이버 쇼핑 → 알리 핫딜 수집
  [파싱] 2건 추출
  [삽입] 4/8개 논스틱 팬 실리콘 주걱 국자 슬롯형 스푼 주방용 조리도구 주방기구 — 9,900원
  [삽입] 논스틱 실리콘 주걱&스푼 세트 12종, 내열 목재 손잡이 다양한 색상의 주방 조리 — 19,700원
[collect-ali] 완료: 2건 삽입
[collect-ali] 네이버 쇼핑 → 알리 핫딜 수집
  [파싱] 2건 추출
  [삽입] 마운티하이커 반구형 돔, 야외용 천막, 돔 캐노피, 캠핑 텐트 — 260,700원
  [삽입] 에어 텐트-블랙 풍선형 글램핑 캠핑 텐트 야외 캠핑 텐트 판매 — 1,718,200원
[collect-ali] 완료: 2건 삽입
[collect-ali] 네이버 쇼핑 → 알리 핫딜 수집
  [파싱] 0건 추출
[collect-ali] 완료: 0건 삽입
[collect-ali] 네이버 쇼핑 → 알리 핫딜 수집
  [파싱] 3건 추출
  [삽입] LAXASFIT 남성용 스포츠 스마트 워치, 혈액 산소 블루투스 말하는 시계, 멀 — 12,750원
  [삽입] 샤인트립 다기능 야외 대형 캠핑 텐트 장비 방수 및 자외선 차단 텐트 구형 차양  — 58,500원
  [삽입] 낚시 태클 미끼 보관 상자, 휴대용 양면 미끼 후크 주최자, 미니 유틸리티 미끼  — 4,680원
[collect-ali] 완료: 3건 삽입
[collect-ali] 네이버 쇼핑 → 알리 핫딜 수집
  [파싱] 1건 추출
  [삽입] 탑트렉 자전거 커버 210D 고품질 자전거 보호 커버 다목적 비, 눈, 먼지 방수 — 14,400원
[collect-ali] 완료: 1건 삽입
[collect-ali] 네이버 쇼핑 → 알리 핫딜 수집
  [파싱] 2건 추출
  [삽입] Baseus EP10 Pro ANC 이어버드 무선 블루투스 6.0 이어폰 50dB — 36,656원
  [삽입] 2/12개입 화이트 실리콘 주방용품 세트, 나무 손잡이, 조리기구 주걱, 내열 논 — 7,040원
[collect-ali] 완료: 2건 삽입
[collect-ali] 네이버 쇼핑 → 알리 핫딜 수집
  [파싱] 2건 추출
  [삽입] 베이스어스 BC1 이어 클립 이어버드 오픈 이어 무선 이어폰 블루투스 6.0 클립 — 28,061원
  [삽입] S99Pro 3 모드 무선 키보드 마우스 콤보 게이밍 오피스 세트 — 78,200원
[collect-ali] 완료: 2건 삽입
[collect-ali] 네이버 쇼핑 → 알리 핫딜 수집
  [파싱] 2건 추출
  [삽입] 애완견 침대 소파 매트 겨울 애완용품 강아지 쿠션 액세서리 대형 중형 소형 고양이 — 9,430원
  [삽입] 사계절용 강아지 집 스타일 침대 - 탈부착 가능 세탁 가능한 소형견용 테디 겨울용 — 10,226원
[collect-ali] 완료: 2건 삽입
[collect-ali] 네이버 쇼핑 → 알리 핫딜 수집
  [파싱] 1건 추출
  [삽입] 락바이 자전거 방향지시등 충전식 자전거 후미등 무선 도난 방지 자전거 안전 알람 — 27,033원
[collect-ali] 완료: 1건 삽입
[collect-ali] 네이버 쇼핑 → 알리 핫딜 수집
  [파싱] 1건 추출
  [삽입] 한국어 무선 키보드 80키 80% 레이아웃 스페인어 러시아어 아랍어 한국어 키보드 — 38,800원
[collect-ali] 완료: 1건 삽입
[collect-ali] 네이버 쇼핑 → 알리 핫딜 수집
  [파싱] 0건 추출
[collect-ali] 완료: 0건 삽입
[collect-ali] 네이버 쇼핑 → 알리 핫딜 수집
  [파싱] 4건 추출
  [삽입] GaN 충전기 6-IN-1 PD 멀티 포트 충전기 USB Type C 디지털 디스 — 43,809원
  [삽입] 2025년 신형 스마트워치 블루투스 통화 음악 심박수 혈압 모니터 스마트워치 여성 — 9,630원
  [삽입] ROCKBROS 스마트 자전거 테일 라이트 자전거 후면 조명 IPX6 방수 자전거 — 12,331원
  [삽입] 맞춤형 네온사인 아기 생일 파티 선물 아이 방 집 벽 장식 LED 이름표지 기숙사 — 21,950원
[collect-ali] 완료: 4건 삽입
[collect-ali] 네이버 쇼핑 → 알리 핫딜 수집
  [파싱] 0건 추출
[collect-ali] 완료: 0건 삽입
[collect-ali] 네이버 쇼핑 → 알리 핫딜 수집
  [파싱] 2건 추출
  [삽입] 초슬림 8mm 마그네틱 무선 보조배터리 5000mAh/10000mAh PD 20W — 120,300원
  [삽입] NEWBOLER 전기 스쿠터 앞 가방 핸들 바 방수 퀵 릴리스 5L EVA 대용량 — 9,086원
[collect-ali] 완료: 2건 삽입
[collect-ali] 네이버 쇼핑 → 알리 핫딜 수집
  [파싱] 0건 추출
[collect-ali] 완료: 0건 삽입
[collect-ali] 네이버 쇼핑 → 알리 핫딜 수집
  [파싱] 1건 추출
  [삽입] ROCKBROS 스마트 브레이크 자전거 테일 라이트 MTB 도로 시트 포스트 안장 — 14,440원
[collect-ali] 완료: 1건 삽입
[collect-ali] 네이버 쇼핑 → 알리 핫딜 수집
  [파싱] 1건 추출
  [삽입] 베이스어스 BF1 라이트 오픈형 스포츠 무선 이어폰 블루투스 5.4 이어훅 중저음 — 41,989원
[collect-ali] 완료: 1건 삽입
[collect-ali] 네이버 쇼핑 → 알리 핫딜 수집
  [파싱] 3건 추출
  [삽입] HAYLOU Watch 4S GPS 스마트워치 1.43인치 HD AMOLED 디스 — 56,351원
  [삽입] 1PC 자전거 컴퓨터 마운트 자전거 카메라 헤드 라이트 홀더 어댑터 Garmin  — 2,652원
  [삽입] Rapoo 무선 키보드 및 마우스 콤보 E9550L USB-C 충전식 110 키  — 53,000원
[collect-ali] 완료: 3건 삽입
[collect-ali] 네이버 쇼핑 → 알리 핫딜 수집
  [파싱] 0건 추출
[collect-ali] 완료: 0건 삽입
[collect-ali] 네이버 쇼핑 → 알리 핫딜 수집
  [파싱] 3건 추출
  [삽입] 마운트 피크 자동 대형 캠핑 텐트 3-8인용 빠른 설치 리지 텐트 캐노피 포함,  — 194,600원
  [삽입] 마운틴하이커 초대형 3-6인용 가족 캠핑 텐트 고품질 방풍 및 넓은 내부 공간 — 256,000원
  [삽입] KEBIDUMEI 듀얼 모드 2.4G 무선 마우스 키보드 에어 마우스 키보드 미니 — 10,450원
[collect-ali] 완료: 3건 삽입
[collect-ali] 네이버 쇼핑 → 알리 핫딜 수집
  [파싱] 0건 추출
[collect-ali] 완료: 0건 삽입
[collect-ali] 네이버 쇼핑 → 알리 핫딜 수집
  [파싱] 3건 추출
  [삽입] 2025년 신형 제블레이즈 스트라토스 4 GPS 스마트워치 1.43인치 AMOLE — 71,823원
  [삽입] 9.0 포시즌스 뮤직 페스티벌 야외 가족용 에어 캠핑 텐트 — 1,453,600원
  [삽입] XOSS 200-3000 Lm 자전거 라이트 XL1200 헤드라이트 방수 충전식  — 13,694원
[collect-ali] 완료: 3건 삽입
[collect-ali] 네이버 쇼핑 → 알리 핫딜 수집
  [파싱] 0건 추출
[collect-ali] 완료: 0건 삽입
[collect-ali] 네이버 쇼핑 → 알리 핫딜 수집
  [파싱] 2건 추출
  [삽입] 투명 캠핑 텐트 스타 돔 텐트 휴대용 구형 텐트 360도 파노라마 창문 야외 선룸 — 654,000원
  [삽입] 한국어 2.4G 무선 키보드 및 마우스/키보드 전용 Protable 미니 키보드  — 12,350원
[collect-ali] 완료: 2건 삽입
[collect-ali] 네이버 쇼핑 → 알리 핫딜 수집
  [파싱] 1건 추출
  [삽입] Zipp firecrest 자전거 Wheelset 스티커 202 303 404 8 — 13,845원
[collect-ali] 완료: 1건 삽입
[collect-ali] 네이버 쇼핑 → 알리 핫딜 수집
  [파싱] 2건 추출
  [삽입] 길 잃은 고양이 개 집 방수 야외 겨울 따뜻한 애완 동물 동굴 잠자는 침대 홈 접 — 17,000원
  [삽입] 매직 크리스탈 플라즈마 볼 램프 3/4/5/6/8 인치 LED 야간 조명 아이 생 — 18,050원
[collect-ali] 완료: 2건 삽입
[collect-ali] 네이버 쇼핑 → 알리 핫딜 수집
  [파싱] 0건 추출
[collect-ali] 완료: 0건 삽입
[collect-ali] 네이버 쇼핑 → 알리 핫딜 수집
  [파싱] 0건 추출
[collect-ali] 완료: 0건 삽입
[collect-ali] 네이버 쇼핑 → 알리 핫딜 수집
  [파싱] 2건 추출
  [삽입] 쿠디 허브 스테이션 에어 텐트-베이지 3-5인용 아늑한 야외 캠핑 텐트 — 3,458,000원
  [삽입] 1-9 숫자 생일 축하 네온 사인 생일 파티 장식 조명 웨딩 장식 네온 LED 조 — 20,550원
[collect-ali] 완료: 2건 삽입
[collect-ali] 네이버 쇼핑 → 알리 핫딜 수집
  [파싱] 1건 추출
  [삽입] USB 충전식 모션 센서 LED 바 라이트 유도 야간등 휴대용 주방 침대 옆 옷장 — 4,660원
[collect-ali] 완료: 1건 삽입
[collect-ali] 네이버 쇼핑 → 알리 핫딜 수집
  [파싱] 1건 추출
  [삽입] 2026 신형 T-Rex3 Pro GPS 트래커 1100mAh 스마트워치 남성용  — 27,128원
[collect-ali] 완료: 1건 삽입
[collect-ali] 네이버 쇼핑 → 알리 핫딜 수집
  [파싱] 1건 추출
  [삽입] 마그레브 기술 전자 게임 데스크탑 조명 LED 조명 장식품 기술 분위기 조명 투명 — 33,200원
[collect-ali] 완료: 1건 삽입
[collect-ali] 네이버 쇼핑 → 알리 핫딜 수집
  [파싱] 1건 추출
  [삽입] 자동 팽창식 캠핑 텐트 방수 난연성 코튼 슬립 포드 (야외 하이킹 피크닉 파티용) — 330,700원
[collect-ali] 완료: 1건 삽입
[collect-ali] 네이버 쇼핑 → 알리 핫딜 수집
  [파싱] 3건 추출
  [삽입] LG HBS900 스포츠 이어 버드 용 새 넥 밴드 블루투스 헤드폰 이어폰 Hif — 21,450원
  [삽입] 4개의 귀여운 애완 고양이 강아지 양말 실내용 부드럽고 따뜻한 미끄럼 방지 발 보 — 8,760원
  [삽입] 4개입 반려동물 미끄럼 방지 양말 고양이 & 강아지 귀여운 겨울 및 가을용 따뜻한 — 2,080원
[collect-ali] 완료: 3건 삽입
[collect-ali] 네이버 쇼핑 → 알리 핫딜 수집
  [파싱] 1건 추출
  [삽입] WEST BIKING 자전거 후미등 스마트 감지 MTB 도로 자전거 후미등, IP — 10,950원
[collect-ali] 완료: 1건 삽입
[collect-ali] 네이버 쇼핑 → 알리 핫딜 수집
  [파싱] 6건 추출
  [삽입] S/M/L/XL 대량 개 두건 50 색 면화 소형 대형 개 Bandanas 스카프 — 18,950원
  [삽입] 침실등 무드등 EU US 플러그 LED 수면등 AC220V 침실 램프 어린이 선물 — 3,140원
  [삽입] RnnTuu Led USB 일몰 램프 프로젝터 홈 장식 야간 조명 휴대용 무드 라 — 3,220원
  [삽입] 12 Pcs 3D 밤 LED 조명 램프 자료 16 색 아크릴 수지 유리에 대 한  — 31,900원
  [삽입] 태블릿용 키보드 Android iOS Windows 무선 마우스 키보드 iPad  — 13,700원
  [삽입] 회색 블루투스 5.0 및 2.4G 무선 키보드 마우스 콤보 노트북 노트북용 충전식 — 21,903원
[collect-ali] 완료: 6건 삽입
[collect-ali] 네이버 쇼핑 → 알리 핫딜 수집
  [파싱] 1건 추출
  [삽입] 휴대용 경량 야외 캠핑 텐트 반구형 자외선 차단 스프링힐 캠핑 여행 및 등산용 — 44,400원
[collect-ali] 완료: 1건 삽입
[collect-ali] 네이버 쇼핑 → 알리 핫딜 수집
  [파싱] 2건 추출
  [삽입] Toptrek 자전거 커버 자전거 보호대 다목적 비 눈 먼지 전천후 보호 커버 방 — 11,602원
  [삽입] 무선 키보드 블루투스 5.0 및 2.4G 미니 멀티미디어 teclado 블루투스  — 14,395원
[collect-ali] 완료: 2건 삽입
[collect-ali] 네이버 쇼핑 → 알리 핫딜 수집
  [파싱] 0건 추출
[collect-ali] 완료: 0건 삽입
[collect-ali] 네이버 쇼핑 → 알리 핫딜 수집
  [파싱] 0건 추출
[collect-ali] 완료: 0건 삽입
[collect-ali] 네이버 쇼핑 → 알리 핫딜 수집
  [파싱] 0건 추출
[collect-ali] 완료: 0건 삽입
[collect-ali] 네이버 쇼핑 → 알리 핫딜 수집
  [파싱] 0건 추출
[collect-ali] 완료: 0건 삽입
[collect-ali] 네이버 쇼핑 → 알리 핫딜 수집
  [파싱] 0건 추출
[collect-ali] 완료: 0건 삽입
[collect-ali] 네이버 쇼핑 → 알리 핫딜 수집
  [파싱] 0건 추출
[collect-ali] 완료: 0건 삽입
[collect-ali] 네이버 쇼핑 → 알리 핫딜 수집
  [파싱] 0건 추출
[collect-ali] 완료: 0건 삽입
[collect-ali] 네이버 쇼핑 → 알리 핫딜 수집
  [파싱] 0건 추출
[collect-ali] 완료: 0건 삽입
[collect-ali] 네이버 쇼핑 → 알리 핫딜 수집
  [파싱] 0건 추출
[collect-ali] 완료: 0건 삽입
